Archive member included because of file (symbol)

/home/nathan/Desktop/Project_HelloWorld/cross-compiler/gcc-arm-none-eabi-4_9-2015q1/bin/../lib/gcc/arm-none-eabi/4.9.3/../../../../arm-none-eabi/lib/armv6-m/libc_nano.a(lib_a-exit.o)
                              /home/nathan/Desktop/Project_HelloWorld/cross-compiler/gcc-arm-none-eabi-4_9-2015q1/bin/../lib/gcc/arm-none-eabi/4.9.3/../../../../arm-none-eabi/lib/armv6-m/crt0.o (exit)
/home/nathan/Desktop/Project_HelloWorld/cross-compiler/gcc-arm-none-eabi-4_9-2015q1/bin/../lib/gcc/arm-none-eabi/4.9.3/../../../../arm-none-eabi/lib/armv6-m/libc_nano.a(lib_a-impure.o)
                              /home/nathan/Desktop/Project_HelloWorld/cross-compiler/gcc-arm-none-eabi-4_9-2015q1/bin/../lib/gcc/arm-none-eabi/4.9.3/../../../../arm-none-eabi/lib/armv6-m/libc_nano.a(lib_a-exit.o) (_global_impure_ptr)
/home/nathan/Desktop/Project_HelloWorld/cross-compiler/gcc-arm-none-eabi-4_9-2015q1/bin/../lib/gcc/arm-none-eabi/4.9.3/../../../../arm-none-eabi/lib/armv6-m/libc_nano.a(lib_a-init.o)
                              /home/nathan/Desktop/Project_HelloWorld/cross-compiler/gcc-arm-none-eabi-4_9-2015q1/bin/../lib/gcc/arm-none-eabi/4.9.3/../../../../arm-none-eabi/lib/armv6-m/crt0.o (__libc_init_array)
/home/nathan/Desktop/Project_HelloWorld/cross-compiler/gcc-arm-none-eabi-4_9-2015q1/bin/../lib/gcc/arm-none-eabi/4.9.3/../../../../arm-none-eabi/lib/armv6-m/libc_nano.a(lib_a-memset.o)
                              /home/nathan/Desktop/Project_HelloWorld/cross-compiler/gcc-arm-none-eabi-4_9-2015q1/bin/../lib/gcc/arm-none-eabi/4.9.3/../../../../arm-none-eabi/lib/armv6-m/crt0.o (memset)
/home/nathan/Desktop/Project_HelloWorld/cross-compiler/gcc-arm-none-eabi-4_9-2015q1/bin/../lib/gcc/arm-none-eabi/4.9.3/../../../../arm-none-eabi/lib/armv6-m/libnosys.a(_exit.o)
                              /home/nathan/Desktop/Project_HelloWorld/cross-compiler/gcc-arm-none-eabi-4_9-2015q1/bin/../lib/gcc/arm-none-eabi/4.9.3/../../../../arm-none-eabi/lib/armv6-m/libc_nano.a(lib_a-exit.o) (_exit)
/home/nathan/Desktop/Project_HelloWorld/cross-compiler/gcc-arm-none-eabi-4_9-2015q1/bin/../lib/gcc/arm-none-eabi/4.9.3/armv6-m/libgcc.a(_udivsi3.o)
                              _build/pstorage.o (__aeabi_uidiv)
/home/nathan/Desktop/Project_HelloWorld/cross-compiler/gcc-arm-none-eabi-4_9-2015q1/bin/../lib/gcc/arm-none-eabi/4.9.3/armv6-m/libgcc.a(_dvmd_tls.o)
                              /home/nathan/Desktop/Project_HelloWorld/cross-compiler/gcc-arm-none-eabi-4_9-2015q1/bin/../lib/gcc/arm-none-eabi/4.9.3/armv6-m/libgcc.a(_udivsi3.o) (__aeabi_idiv0)
/home/nathan/Desktop/Project_HelloWorld/cross-compiler/gcc-arm-none-eabi-4_9-2015q1/bin/../lib/gcc/arm-none-eabi/4.9.3/../../../../arm-none-eabi/lib/armv6-m/libc_nano.a(lib_a-memcpy.o)
                              _build/pstorage.o (memcpy)
/home/nathan/Desktop/Project_HelloWorld/cross-compiler/gcc-arm-none-eabi-4_9-2015q1/bin/../lib/gcc/arm-none-eabi/4.9.3/../../../../arm-none-eabi/lib/armv6-m/libc_nano.a(lib_a-strlen.o)
                              _build/main.o (strlen)

Allocating common symbols
Common symbol       size              file

__stdin             0x68              _build/retarget.o
__stdout            0x68              _build/retarget.o

Discarded input sections

 .text          0x00000000        0x0 /home/nathan/Desktop/Project_HelloWorld/cross-compiler/gcc-arm-none-eabi-4_9-2015q1/bin/../lib/gcc/arm-none-eabi/4.9.3/armv6-m/crti.o
 .data          0x00000000        0x0 /home/nathan/Desktop/Project_HelloWorld/cross-compiler/gcc-arm-none-eabi-4_9-2015q1/bin/../lib/gcc/arm-none-eabi/4.9.3/armv6-m/crti.o
 .bss           0x00000000        0x0 /home/nathan/Desktop/Project_HelloWorld/cross-compiler/gcc-arm-none-eabi-4_9-2015q1/bin/../lib/gcc/arm-none-eabi/4.9.3/armv6-m/crti.o
 .text          0x00000000       0x60 /home/nathan/Desktop/Project_HelloWorld/cross-compiler/gcc-arm-none-eabi-4_9-2015q1/bin/../lib/gcc/arm-none-eabi/4.9.3/armv6-m/crtbegin.o
 .data          0x00000000        0x4 /home/nathan/Desktop/Project_HelloWorld/cross-compiler/gcc-arm-none-eabi-4_9-2015q1/bin/../lib/gcc/arm-none-eabi/4.9.3/armv6-m/crtbegin.o
 .bss           0x00000000       0x1c /home/nathan/Desktop/Project_HelloWorld/cross-compiler/gcc-arm-none-eabi-4_9-2015q1/bin/../lib/gcc/arm-none-eabi/4.9.3/armv6-m/crtbegin.o
 .init_array    0x00000000        0x4 /home/nathan/Desktop/Project_HelloWorld/cross-compiler/gcc-arm-none-eabi-4_9-2015q1/bin/../lib/gcc/arm-none-eabi/4.9.3/armv6-m/crtbegin.o
 .fini_array    0x00000000        0x4 /home/nathan/Desktop/Project_HelloWorld/cross-compiler/gcc-arm-none-eabi-4_9-2015q1/bin/../lib/gcc/arm-none-eabi/4.9.3/armv6-m/crtbegin.o
 .eh_frame      0x00000000        0x0 /home/nathan/Desktop/Project_HelloWorld/cross-compiler/gcc-arm-none-eabi-4_9-2015q1/bin/../lib/gcc/arm-none-eabi/4.9.3/armv6-m/crtbegin.o
 .jcr           0x00000000        0x0 /home/nathan/Desktop/Project_HelloWorld/cross-compiler/gcc-arm-none-eabi-4_9-2015q1/bin/../lib/gcc/arm-none-eabi/4.9.3/armv6-m/crtbegin.o
 .ARM.attributes
                0x00000000       0x2c /home/nathan/Desktop/Project_HelloWorld/cross-compiler/gcc-arm-none-eabi-4_9-2015q1/bin/../lib/gcc/arm-none-eabi/4.9.3/armv6-m/crtbegin.o
 .data          0x00000000        0x0 /home/nathan/Desktop/Project_HelloWorld/cross-compiler/gcc-arm-none-eabi-4_9-2015q1/bin/../lib/gcc/arm-none-eabi/4.9.3/../../../../arm-none-eabi/lib/armv6-m/crt0.o
 .bss           0x00000000        0x0 /home/nathan/Desktop/Project_HelloWorld/cross-compiler/gcc-arm-none-eabi-4_9-2015q1/bin/../lib/gcc/arm-none-eabi/4.9.3/../../../../arm-none-eabi/lib/armv6-m/crt0.o
 .ARM.extab     0x00000000        0x0 /home/nathan/Desktop/Project_HelloWorld/cross-compiler/gcc-arm-none-eabi-4_9-2015q1/bin/../lib/gcc/arm-none-eabi/4.9.3/../../../../arm-none-eabi/lib/armv6-m/crt0.o
 .text          0x00000000        0x0 /home/nathan/Desktop/Project_HelloWorld/cross-compiler/gcc-arm-none-eabi-4_9-2015q1/bin/../lib/gcc/arm-none-eabi/4.9.3/../../../../arm-none-eabi/lib/armv6-m/libc_nano.a(lib_a-exit.o)
 .data          0x00000000        0x0 /home/nathan/Desktop/Project_HelloWorld/cross-compiler/gcc-arm-none-eabi-4_9-2015q1/bin/../lib/gcc/arm-none-eabi/4.9.3/../../../../arm-none-eabi/lib/armv6-m/libc_nano.a(lib_a-exit.o)
 .bss           0x00000000        0x0 /home/nathan/Desktop/Project_HelloWorld/cross-compiler/gcc-arm-none-eabi-4_9-2015q1/bin/../lib/gcc/arm-none-eabi/4.9.3/../../../../arm-none-eabi/lib/armv6-m/libc_nano.a(lib_a-exit.o)
 .text          0x00000000        0x0 /home/nathan/Desktop/Project_HelloWorld/cross-compiler/gcc-arm-none-eabi-4_9-2015q1/bin/../lib/gcc/arm-none-eabi/4.9.3/../../../../arm-none-eabi/lib/armv6-m/libc_nano.a(lib_a-impure.o)
 .data          0x00000000        0x0 /home/nathan/Desktop/Project_HelloWorld/cross-compiler/gcc-arm-none-eabi-4_9-2015q1/bin/../lib/gcc/arm-none-eabi/4.9.3/../../../../arm-none-eabi/lib/armv6-m/libc_nano.a(lib_a-impure.o)
 .bss           0x00000000        0x0 /home/nathan/Desktop/Project_HelloWorld/cross-compiler/gcc-arm-none-eabi-4_9-2015q1/bin/../lib/gcc/arm-none-eabi/4.9.3/../../../../arm-none-eabi/lib/armv6-m/libc_nano.a(lib_a-impure.o)
 .data._impure_ptr
                0x00000000        0x4 /home/nathan/Desktop/Project_HelloWorld/cross-compiler/gcc-arm-none-eabi-4_9-2015q1/bin/../lib/gcc/arm-none-eabi/4.9.3/../../../../arm-none-eabi/lib/armv6-m/libc_nano.a(lib_a-impure.o)
 .text          0x00000000        0x0 /home/nathan/Desktop/Project_HelloWorld/cross-compiler/gcc-arm-none-eabi-4_9-2015q1/bin/../lib/gcc/arm-none-eabi/4.9.3/../../../../arm-none-eabi/lib/armv6-m/libc_nano.a(lib_a-init.o)
 .data          0x00000000        0x0 /home/nathan/Desktop/Project_HelloWorld/cross-compiler/gcc-arm-none-eabi-4_9-2015q1/bin/../lib/gcc/arm-none-eabi/4.9.3/../../../../arm-none-eabi/lib/armv6-m/libc_nano.a(lib_a-init.o)
 .bss           0x00000000        0x0 /home/nathan/Desktop/Project_HelloWorld/cross-compiler/gcc-arm-none-eabi-4_9-2015q1/bin/../lib/gcc/arm-none-eabi/4.9.3/../../../../arm-none-eabi/lib/armv6-m/libc_nano.a(lib_a-init.o)
 .text          0x00000000        0x0 /home/nathan/Desktop/Project_HelloWorld/cross-compiler/gcc-arm-none-eabi-4_9-2015q1/bin/../lib/gcc/arm-none-eabi/4.9.3/../../../../arm-none-eabi/lib/armv6-m/libc_nano.a(lib_a-memset.o)
 .data          0x00000000        0x0 /home/nathan/Desktop/Project_HelloWorld/cross-compiler/gcc-arm-none-eabi-4_9-2015q1/bin/../lib/gcc/arm-none-eabi/4.9.3/../../../../arm-none-eabi/lib/armv6-m/libc_nano.a(lib_a-memset.o)
 .bss           0x00000000        0x0 /home/nathan/Desktop/Project_HelloWorld/cross-compiler/gcc-arm-none-eabi-4_9-2015q1/bin/../lib/gcc/arm-none-eabi/4.9.3/../../../../arm-none-eabi/lib/armv6-m/libc_nano.a(lib_a-memset.o)
 .text          0x00000000        0x0 /home/nathan/Desktop/Project_HelloWorld/cross-compiler/gcc-arm-none-eabi-4_9-2015q1/bin/../lib/gcc/arm-none-eabi/4.9.3/../../../../arm-none-eabi/lib/armv6-m/libnosys.a(_exit.o)
 .data          0x00000000        0x0 /home/nathan/Desktop/Project_HelloWorld/cross-compiler/gcc-arm-none-eabi-4_9-2015q1/bin/../lib/gcc/arm-none-eabi/4.9.3/../../../../arm-none-eabi/lib/armv6-m/libnosys.a(_exit.o)
 .bss           0x00000000        0x0 /home/nathan/Desktop/Project_HelloWorld/cross-compiler/gcc-arm-none-eabi-4_9-2015q1/bin/../lib/gcc/arm-none-eabi/4.9.3/../../../../arm-none-eabi/lib/armv6-m/libnosys.a(_exit.o)
 .text          0x00000000        0x0 _build/app_button.o
 .data          0x00000000        0x0 _build/app_button.o
 .bss           0x00000000        0x0 _build/app_button.o
 .text.app_button_disable
                0x00000000       0x38 _build/app_button.o
 .text.app_button_is_pushed
                0x00000000       0x2c _build/app_button.o
 .text          0x00000000        0x0 _build/app_error.o
 .data          0x00000000        0x0 _build/app_error.o
 .bss           0x00000000        0x0 _build/app_error.o
 .text          0x00000000        0x0 _build/app_fifo.o
 .data          0x00000000        0x0 _build/app_fifo.o
 .bss           0x00000000        0x0 _build/app_fifo.o
 .text.app_fifo_init
                0x00000000       0x28 _build/app_fifo.o
 .text.app_fifo_flush
                0x00000000        0x8 _build/app_fifo.o
 .text          0x00000000        0x0 _build/app_timer.o
 .data          0x00000000        0x0 _build/app_timer.o
 .bss           0x00000000        0x0 _build/app_timer.o
 .text.app_timer_stop_all
                0x00000000       0xc0 _build/app_timer.o
 .text.app_timer_cnt_get
                0x00000000       0x14 _build/app_timer.o
 .text.app_timer_cnt_diff_compute
                0x00000000        0xc _build/app_timer.o
 .text          0x00000000        0x0 _build/app_trace.o
 .data          0x00000000        0x0 _build/app_trace.o
 .bss           0x00000000        0x0 _build/app_trace.o
 .comment       0x00000000       0x71 _build/app_trace.o
 .ARM.attributes
                0x00000000       0x31 _build/app_trace.o
 .text          0x00000000        0x0 _build/nrf_assert.o
 .data          0x00000000        0x0 _build/nrf_assert.o
 .bss           0x00000000        0x0 _build/nrf_assert.o
 .comment       0x00000000       0x71 _build/nrf_assert.o
 .ARM.attributes
                0x00000000       0x31 _build/nrf_assert.o
 .text          0x00000000        0x0 _build/retarget.o
 .data          0x00000000        0x0 _build/retarget.o
 .bss           0x00000000        0x0 _build/retarget.o
 .text._write   0x00000000       0x1c _build/retarget.o
 .text._read    0x00000000       0x14 _build/retarget.o
 .comment       0x00000000       0x71 _build/retarget.o
 .ARM.attributes
                0x00000000       0x31 _build/retarget.o
 COMMON         0x00000000       0xd0 _build/retarget.o
 .text          0x00000000        0x0 _build/app_uart_fifo.o
 .data          0x00000000        0x0 _build/app_uart_fifo.o
 .bss           0x00000000        0x0 _build/app_uart_fifo.o
 .text.gpiote_uart_event_handler
                0x00000000       0xc0 _build/app_uart_fifo.o
 .text.action_tx_stop
                0x00000000       0x2c _build/app_uart_fifo.o
 .text.app_uart_init
                0x00000000      0x2b0 _build/app_uart_fifo.o
 .text.app_uart_get
                0x00000000       0x10 _build/app_uart_fifo.o
 .text.app_uart_put
                0x00000000       0x80 _build/app_uart_fifo.o
 .text.app_uart_flush
                0x00000000       0x1c _build/app_uart_fifo.o
 .text.app_uart_get_connection_state
                0x00000000       0x14 _build/app_uart_fifo.o
 .text.app_uart_close
                0x00000000       0x30 _build/app_uart_fifo.o
 .data.m_instance_counter
                0x00000000        0x1 _build/app_uart_fifo.o
 .text          0x00000000        0x0 _build/nrf_delay.o
 .data          0x00000000        0x0 _build/nrf_delay.o
 .bss           0x00000000        0x0 _build/nrf_delay.o
 .text          0x00000000        0x0 _build/nrf_drv_common.o
 .data          0x00000000        0x0 _build/nrf_drv_common.o
 .bss           0x00000000        0x0 _build/nrf_drv_common.o
 .text          0x00000000        0x0 _build/nrf_drv_gpiote.o
 .data          0x00000000        0x0 _build/nrf_drv_gpiote.o
 .bss           0x00000000        0x0 _build/nrf_drv_gpiote.o
 .text.nrf_drv_gpiote_uninit
                0x00000000       0xe4 _build/nrf_drv_gpiote.o
 .text.nrf_drv_gpiote_out_init
                0x00000000       0xdc _build/nrf_drv_gpiote.o
 .text.nrf_drv_gpiote_out_uninit
                0x00000000       0x34 _build/nrf_drv_gpiote.o
 .text.nrf_drv_gpiote_out_set
                0x00000000       0x14 _build/nrf_drv_gpiote.o
 .text.nrf_drv_gpiote_out_clear
                0x00000000       0x14 _build/nrf_drv_gpiote.o
 .text.nrf_drv_gpiote_out_toggle
                0x00000000       0x2c _build/nrf_drv_gpiote.o
 .text.nrf_drv_gpiote_out_task_enable
                0x00000000       0x3c _build/nrf_drv_gpiote.o
 .text.nrf_drv_gpiote_out_task_disable
                0x00000000       0x28 _build/nrf_drv_gpiote.o
 .text.nrf_drv_gpiote_out_task_addr_get
                0x00000000       0x1c _build/nrf_drv_gpiote.o
 .text.nrf_drv_gpiote_out_task_force
                0x00000000       0x3c _build/nrf_drv_gpiote.o
 .text.nrf_drv_gpiote_out_task_trigger
                0x00000000       0x20 _build/nrf_drv_gpiote.o
 .text.nrf_drv_gpiote_in_event_disable
                0x00000000       0x58 _build/nrf_drv_gpiote.o
 .text.nrf_drv_gpiote_in_uninit
                0x00000000       0xa4 _build/nrf_drv_gpiote.o
 .text.nrf_drv_gpiote_in_event_addr_get
                0x00000000       0x20 _build/nrf_drv_gpiote.o
 .text          0x00000000        0x0 _build/pstorage.o
 .data          0x00000000        0x0 _build/pstorage.o
 .bss           0x00000000        0x0 _build/pstorage.o
 .text.sd_flash_write
                0x00000000        0x4 _build/pstorage.o
 .text.sd_flash_page_erase
                0x00000000        0x4 _build/pstorage.o
 .text.swap_state_process
                0x00000000      0x1e0 _build/pstorage.o
 .rodata.swap_state_process
                0x00000000       0x1c _build/pstorage.o
 .text.cmd_process
                0x00000000      0x130 _build/pstorage.o
 .text.cmd_queue_enqueue
                0x00000000       0x60 _build/pstorage.o
 .text.pstorage_sys_event_handler
                0x00000000      0x170 _build/pstorage.o
 .text.pstorage_init
                0x00000000      0x178 _build/pstorage.o
 .text.pstorage_register
                0x00000000      0x134 _build/pstorage.o
 .text.pstorage_block_identifier_get
                0x00000000       0x50 _build/pstorage.o
 .text.pstorage_store
                0x00000000       0x88 _build/pstorage.o
 .text.pstorage_update
                0x00000000       0x88 _build/pstorage.o
 .text.pstorage_load
                0x00000000       0xac _build/pstorage.o
 .text.pstorage_clear
                0x00000000       0x78 _build/pstorage.o
 .bss.m_app_table
                0x00000000       0x10 _build/pstorage.o
 .bss.m_next_app_instance
                0x00000000        0x2 _build/pstorage.o
 .bss.m_next_page_addr
                0x00000000        0x4 _build/pstorage.o
 .bss.m_swap_state
                0x00000000        0x1 _build/pstorage.o
 .bss.m_round_val
                0x00000000        0x2 _build/pstorage.o
 .text          0x00000000        0x0 _build/bsp.o
 .data          0x00000000        0x0 _build/bsp.o
 .bss           0x00000000        0x0 _build/bsp.o
 .text.bsp_buttons_state_get
                0x00000000       0x40 _build/bsp.o
 .text.bsp_indication_text_set
                0x00000000      0x354 _build/bsp.o
 .rodata.bsp_indication_text_set
                0x00000000       0x64 _build/bsp.o
 .text.bsp_buttons_enable
                0x00000000        0x8 _build/bsp.o
 .text.bsp_buttons_disable
                0x00000000        0x8 _build/bsp.o
 .text          0x00000000        0x0 _build/bsp_btn_ble.o
 .data          0x00000000        0x0 _build/bsp_btn_ble.o
 .bss           0x00000000        0x0 _build/bsp_btn_ble.o
 .text          0x00000000        0x0 _build/main.o
 .data          0x00000000        0x0 _build/main.o
 .bss           0x00000000        0x0 _build/main.o
 .text.open_garage
                0x00000000       0x8c _build/main.o
 .text          0x00000000        0x0 _build/ble_advdata.o
 .data          0x00000000        0x0 _build/ble_advdata.o
 .bss           0x00000000        0x0 _build/ble_advdata.o
 .text          0x00000000        0x0 _build/ble_advertising.o
 .data          0x00000000        0x0 _build/ble_advertising.o
 .bss           0x00000000        0x0 _build/ble_advertising.o
 .text.ble_advertising_on_sys_evt
                0x00000000      0x250 _build/ble_advertising.o
 .text.ble_advertising_peer_addr_reply
                0x00000000       0x3c _build/ble_advertising.o
 .text.ble_advertising_whitelist_reply
                0x00000000       0xd8 _build/ble_advertising.o
 .text          0x00000000        0x0 _build/ble_conn_params.o
 .data          0x00000000        0x0 _build/ble_conn_params.o
 .bss           0x00000000        0x0 _build/ble_conn_params.o
 .text.ble_conn_params_stop
                0x00000000       0x10 _build/ble_conn_params.o
 .text.ble_conn_params_change_conn_params
                0x00000000       0x70 _build/ble_conn_params.o
 .text          0x00000000        0x0 _build/ble_nus.o
 .data          0x00000000        0x0 _build/ble_nus.o
 .bss           0x00000000        0x0 _build/ble_nus.o
 .text          0x00000000        0x0 _build/ble_srv_common.o
 .data          0x00000000        0x0 _build/ble_srv_common.o
 .bss           0x00000000        0x0 _build/ble_srv_common.o
 .text.ble_srv_report_ref_encode
                0x00000000        0xc _build/ble_srv_common.o
 .text.ble_srv_ascii_to_utf8
                0x00000000       0x14 _build/ble_srv_common.o
 .comment       0x00000000       0x71 _build/ble_srv_common.o
 .ARM.attributes
                0x00000000       0x31 _build/ble_srv_common.o
 .text          0x00000000        0x0 _build/system_nrf51.o
 .data          0x00000000        0x0 _build/system_nrf51.o
 .bss           0x00000000        0x0 _build/system_nrf51.o
 .text.SystemCoreClockUpdate
                0x00000000       0x10 _build/system_nrf51.o
 .data.SystemCoreClock
                0x00000000        0x4 _build/system_nrf51.o
 .text          0x00000000        0x0 _build/softdevice_handler.o
 .data          0x00000000        0x0 _build/softdevice_handler.o
 .bss           0x00000000        0x0 _build/softdevice_handler.o
 .text.sd_softdevice_disable
                0x00000000        0x4 _build/softdevice_handler.o
 .text.intern_softdevice_events_execute
                0x00000000       0x14 _build/softdevice_handler.o
 .text.softdevice_handler_sd_disable
                0x00000000       0x18 _build/softdevice_handler.o
 .text.softdevice_sys_evt_handler_set
                0x00000000       0x14 _build/softdevice_handler.o
 .data          0x00000000        0x0 _build/gcc_startup_nrf51.o
 .bss           0x00000000        0x0 _build/gcc_startup_nrf51.o
 .ARM.extab     0x00000000        0x0 _build/gcc_startup_nrf51.o
 .data          0x00000000        0x0 /home/nathan/Desktop/Project_HelloWorld/cross-compiler/gcc-arm-none-eabi-4_9-2015q1/bin/../lib/gcc/arm-none-eabi/4.9.3/armv6-m/libgcc.a(_udivsi3.o)
 .bss           0x00000000        0x0 /home/nathan/Desktop/Project_HelloWorld/cross-compiler/gcc-arm-none-eabi-4_9-2015q1/bin/../lib/gcc/arm-none-eabi/4.9.3/armv6-m/libgcc.a(_udivsi3.o)
 .data          0x00000000        0x0 /home/nathan/Desktop/Project_HelloWorld/cross-compiler/gcc-arm-none-eabi-4_9-2015q1/bin/../lib/gcc/arm-none-eabi/4.9.3/armv6-m/libgcc.a(_dvmd_tls.o)
 .bss           0x00000000        0x0 /home/nathan/Desktop/Project_HelloWorld/cross-compiler/gcc-arm-none-eabi-4_9-2015q1/bin/../lib/gcc/arm-none-eabi/4.9.3/armv6-m/libgcc.a(_dvmd_tls.o)
 .text          0x00000000        0x0 /home/nathan/Desktop/Project_HelloWorld/cross-compiler/gcc-arm-none-eabi-4_9-2015q1/bin/../lib/gcc/arm-none-eabi/4.9.3/../../../../arm-none-eabi/lib/armv6-m/libc_nano.a(lib_a-memcpy.o)
 .data          0x00000000        0x0 /home/nathan/Desktop/Project_HelloWorld/cross-compiler/gcc-arm-none-eabi-4_9-2015q1/bin/../lib/gcc/arm-none-eabi/4.9.3/../../../../arm-none-eabi/lib/armv6-m/libc_nano.a(lib_a-memcpy.o)
 .bss           0x00000000        0x0 /home/nathan/Desktop/Project_HelloWorld/cross-compiler/gcc-arm-none-eabi-4_9-2015q1/bin/../lib/gcc/arm-none-eabi/4.9.3/../../../../arm-none-eabi/lib/armv6-m/libc_nano.a(lib_a-memcpy.o)
 .text          0x00000000        0x0 /home/nathan/Desktop/Project_HelloWorld/cross-compiler/gcc-arm-none-eabi-4_9-2015q1/bin/../lib/gcc/arm-none-eabi/4.9.3/../../../../arm-none-eabi/lib/armv6-m/libc_nano.a(lib_a-strlen.o)
 .data          0x00000000        0x0 /home/nathan/Desktop/Project_HelloWorld/cross-compiler/gcc-arm-none-eabi-4_9-2015q1/bin/../lib/gcc/arm-none-eabi/4.9.3/../../../../arm-none-eabi/lib/armv6-m/libc_nano.a(lib_a-strlen.o)
 .bss           0x00000000        0x0 /home/nathan/Desktop/Project_HelloWorld/cross-compiler/gcc-arm-none-eabi-4_9-2015q1/bin/../lib/gcc/arm-none-eabi/4.9.3/../../../../arm-none-eabi/lib/armv6-m/libc_nano.a(lib_a-strlen.o)
 .text          0x00000000        0x0 /home/nathan/Desktop/Project_HelloWorld/cross-compiler/gcc-arm-none-eabi-4_9-2015q1/bin/../lib/gcc/arm-none-eabi/4.9.3/armv6-m/crtend.o
 .data          0x00000000        0x0 /home/nathan/Desktop/Project_HelloWorld/cross-compiler/gcc-arm-none-eabi-4_9-2015q1/bin/../lib/gcc/arm-none-eabi/4.9.3/armv6-m/crtend.o
 .bss           0x00000000        0x0 /home/nathan/Desktop/Project_HelloWorld/cross-compiler/gcc-arm-none-eabi-4_9-2015q1/bin/../lib/gcc/arm-none-eabi/4.9.3/armv6-m/crtend.o
 .eh_frame      0x00000000        0x4 /home/nathan/Desktop/Project_HelloWorld/cross-compiler/gcc-arm-none-eabi-4_9-2015q1/bin/../lib/gcc/arm-none-eabi/4.9.3/armv6-m/crtend.o
 .jcr           0x00000000        0x4 /home/nathan/Desktop/Project_HelloWorld/cross-compiler/gcc-arm-none-eabi-4_9-2015q1/bin/../lib/gcc/arm-none-eabi/4.9.3/armv6-m/crtend.o
 .ARM.attributes
                0x00000000       0x2c /home/nathan/Desktop/Project_HelloWorld/cross-compiler/gcc-arm-none-eabi-4_9-2015q1/bin/../lib/gcc/arm-none-eabi/4.9.3/armv6-m/crtend.o
 .text          0x00000000        0x0 /home/nathan/Desktop/Project_HelloWorld/cross-compiler/gcc-arm-none-eabi-4_9-2015q1/bin/../lib/gcc/arm-none-eabi/4.9.3/armv6-m/crtn.o
 .data          0x00000000        0x0 /home/nathan/Desktop/Project_HelloWorld/cross-compiler/gcc-arm-none-eabi-4_9-2015q1/bin/../lib/gcc/arm-none-eabi/4.9.3/armv6-m/crtn.o
 .bss           0x00000000        0x0 /home/nathan/Desktop/Project_HelloWorld/cross-compiler/gcc-arm-none-eabi-4_9-2015q1/bin/../lib/gcc/arm-none-eabi/4.9.3/armv6-m/crtn.o

Memory Configuration

Name             Origin             Length             Attributes
FLASH            0x00018000         0x00028000         xr
RAM              0x20002000         0x00006000         xrw
*default*        0x00000000         0xffffffff

Linker script and memory map

LOAD /home/nathan/Desktop/Project_HelloWorld/cross-compiler/gcc-arm-none-eabi-4_9-2015q1/bin/../lib/gcc/arm-none-eabi/4.9.3/armv6-m/crti.o
LOAD /home/nathan/Desktop/Project_HelloWorld/cross-compiler/gcc-arm-none-eabi-4_9-2015q1/bin/../lib/gcc/arm-none-eabi/4.9.3/armv6-m/crtbegin.o
LOAD /home/nathan/Desktop/Project_HelloWorld/cross-compiler/gcc-arm-none-eabi-4_9-2015q1/bin/../lib/gcc/arm-none-eabi/4.9.3/../../../../arm-none-eabi/lib/armv6-m/crt0.o
LOAD /home/nathan/Desktop/Project_HelloWorld/cross-compiler/gcc-arm-none-eabi-4_9-2015q1/bin/../lib/gcc/arm-none-eabi/4.9.3/../../../../arm-none-eabi/lib/armv6-m/libc_nano.a
LOAD /home/nathan/Desktop/Project_HelloWorld/cross-compiler/gcc-arm-none-eabi-4_9-2015q1/bin/../lib/gcc/arm-none-eabi/4.9.3/../../../../arm-none-eabi/lib/armv6-m/libnosys.a
LOAD _build/app_button.o
LOAD _build/app_error.o
LOAD _build/app_fifo.o
LOAD _build/app_timer.o
LOAD _build/app_trace.o
LOAD _build/nrf_assert.o
LOAD _build/retarget.o
LOAD _build/app_uart_fifo.o
LOAD _build/nrf_delay.o
LOAD _build/nrf_drv_common.o
LOAD _build/nrf_drv_gpiote.o
LOAD _build/pstorage.o
LOAD _build/bsp.o
LOAD _build/bsp_btn_ble.o
LOAD _build/main.o
LOAD _build/ble_advdata.o
LOAD _build/ble_advertising.o
LOAD _build/ble_conn_params.o
LOAD _build/ble_nus.o
LOAD _build/ble_srv_common.o
LOAD _build/system_nrf51.o
LOAD _build/softdevice_handler.o
LOAD _build/gcc_startup_nrf51.o
START GROUP
LOAD /home/nathan/Desktop/Project_HelloWorld/cross-compiler/gcc-arm-none-eabi-4_9-2015q1/bin/../lib/gcc/arm-none-eabi/4.9.3/armv6-m/libgcc.a
LOAD /home/nathan/Desktop/Project_HelloWorld/cross-compiler/gcc-arm-none-eabi-4_9-2015q1/bin/../lib/gcc/arm-none-eabi/4.9.3/../../../../arm-none-eabi/lib/armv6-m/libc_nano.a
END GROUP
START GROUP
LOAD /home/nathan/Desktop/Project_HelloWorld/cross-compiler/gcc-arm-none-eabi-4_9-2015q1/bin/../lib/gcc/arm-none-eabi/4.9.3/armv6-m/libgcc.a
LOAD /home/nathan/Desktop/Project_HelloWorld/cross-compiler/gcc-arm-none-eabi-4_9-2015q1/bin/../lib/gcc/arm-none-eabi/4.9.3/../../../../arm-none-eabi/lib/armv6-m/libc_nano.a
END GROUP
LOAD /home/nathan/Desktop/Project_HelloWorld/cross-compiler/gcc-arm-none-eabi-4_9-2015q1/bin/../lib/gcc/arm-none-eabi/4.9.3/armv6-m/crtend.o
LOAD /home/nathan/Desktop/Project_HelloWorld/cross-compiler/gcc-arm-none-eabi-4_9-2015q1/bin/../lib/gcc/arm-none-eabi/4.9.3/armv6-m/crtn.o
START GROUP
LOAD /home/nathan/Desktop/Project_HelloWorld/cross-compiler/gcc-arm-none-eabi-4_9-2015q1/bin/../lib/gcc/arm-none-eabi/4.9.3/armv6-m/libgcc.a
LOAD /home/nathan/Desktop/Project_HelloWorld/cross-compiler/gcc-arm-none-eabi-4_9-2015q1/bin/../lib/gcc/arm-none-eabi/4.9.3/../../../../arm-none-eabi/lib/armv6-m/libc.a
LOAD /home/nathan/Desktop/Project_HelloWorld/cross-compiler/gcc-arm-none-eabi-4_9-2015q1/bin/../lib/gcc/arm-none-eabi/4.9.3/../../../../arm-none-eabi/lib/armv6-m/libnosys.a
END GROUP

.text           0x00018000     0x3e5c
 *(.Vectors)
 .Vectors       0x00018000       0xc0 _build/gcc_startup_nrf51.o
                0x00018000                __Vectors
 *(.text*)
 .text          0x000180c0       0x78 /home/nathan/Desktop/Project_HelloWorld/cross-compiler/gcc-arm-none-eabi-4_9-2015q1/bin/../lib/gcc/arm-none-eabi/4.9.3/../../../../arm-none-eabi/lib/armv6-m/crt0.o
                0x000180c0                _mainCRTStartup
                0x000180c0                _start
 .text.exit     0x00018138       0x2c /home/nathan/Desktop/Project_HelloWorld/cross-compiler/gcc-arm-none-eabi-4_9-2015q1/bin/../lib/gcc/arm-none-eabi/4.9.3/../../../../arm-none-eabi/lib/armv6-m/libc_nano.a(lib_a-exit.o)
                0x00018138                exit
 .text.__libc_init_array
                0x00018164       0x4c /home/nathan/Desktop/Project_HelloWorld/cross-compiler/gcc-arm-none-eabi-4_9-2015q1/bin/../lib/gcc/arm-none-eabi/4.9.3/../../../../arm-none-eabi/lib/armv6-m/libc_nano.a(lib_a-init.o)
                0x00018164                __libc_init_array
 .text.memset   0x000181b0       0x10 /home/nathan/Desktop/Project_HelloWorld/cross-compiler/gcc-arm-none-eabi-4_9-2015q1/bin/../lib/gcc/arm-none-eabi/4.9.3/../../../../arm-none-eabi/lib/armv6-m/libc_nano.a(lib_a-memset.o)
                0x000181b0                memset
 .text._exit    0x000181c0        0x4 /home/nathan/Desktop/Project_HelloWorld/cross-compiler/gcc-arm-none-eabi-4_9-2015q1/bin/../lib/gcc/arm-none-eabi/4.9.3/../../../../arm-none-eabi/lib/armv6-m/libnosys.a(_exit.o)
                0x000181c0                _exit
 .text.detection_delay_timeout_handler
                0x000181c4       0xa8 _build/app_button.o
 .text.gpiote_event_handler
                0x0001826c       0x5c _build/app_button.o
 .text.app_button_init
                0x000182c8       0xb4 _build/app_button.o
                0x000182c8                app_button_init
 .text.app_button_enable
                0x0001837c       0x30 _build/app_button.o
                0x0001837c                app_button_enable
 .text.app_error_handler
                0x000183ac       0x18 _build/app_error.o
                0x000183ac                app_error_handler
 .text.app_fifo_put
                0x000183c4       0x28 _build/app_fifo.o
                0x000183c4                app_fifo_put
 .text.app_fifo_get
                0x000183ec       0x24 _build/app_fifo.o
                0x000183ec                app_fifo_get
 .text.rtc1_stop
                0x00018410       0x78 _build/app_timer.o
 .text.RTC1_IRQHandler
                0x00018488       0xe4 _build/app_timer.o
                0x00018488                RTC1_IRQHandler
 .text.SWI0_IRQHandler
                0x0001856c      0x510 _build/app_timer.o
                0x0001856c                SWI0_IRQHandler
 .text.app_timer_init
                0x00018a7c      0x108 _build/app_timer.o
                0x00018a7c                app_timer_init
 .text.app_timer_create
                0x00018b84       0x68 _build/app_timer.o
                0x00018b84                app_timer_create
 .text.app_timer_start
                0x00018bec      0x11c _build/app_timer.o
                0x00018bec                app_timer_start
 .text.app_timer_stop
                0x00018d08       0xe8 _build/app_timer.o
                0x00018d08                app_timer_stop
 .text.UART0_IRQHandler
                0x00018df0      0x124 _build/app_uart_fifo.o
                0x00018df0                UART0_IRQHandler
 .text.nrf_delay_ms
                0x00018f14       0x3c _build/nrf_delay.o
                0x00018f14                nrf_delay_ms
 .text.nrf_drv_common_irq_enable
                0x00018f50       0x80 _build/nrf_drv_common.o
                0x00018f50                nrf_drv_common_irq_enable
 .text.nrf_drv_gpiote_init
                0x00018fd0       0x74 _build/nrf_drv_gpiote.o
                0x00018fd0                nrf_drv_gpiote_init
 .text.nrf_drv_gpiote_is_init
                0x00019044       0x10 _build/nrf_drv_gpiote.o
                0x00019044                nrf_drv_gpiote_is_init
 .text.nrf_drv_gpiote_in_init
                0x00019054      0x18c _build/nrf_drv_gpiote.o
                0x00019054                nrf_drv_gpiote_in_init
 .text.nrf_drv_gpiote_in_event_enable
                0x000191e0       0x9c _build/nrf_drv_gpiote.o
                0x000191e0                nrf_drv_gpiote_in_event_enable
 .text.nrf_drv_gpiote_in_is_set
                0x0001927c       0x14 _build/nrf_drv_gpiote.o
                0x0001927c                nrf_drv_gpiote_in_is_set
 .text.GPIOTE_IRQHandler
                0x00019290      0x244 _build/nrf_drv_gpiote.o
                0x00019290                GPIOTE_IRQHandler
 .text.pstorage_access_status_get
                0x000194d4       0x28 _build/pstorage.o
                0x000194d4                pstorage_access_status_get
 .text.alert_timer_handler
                0x000194fc       0x28 _build/bsp.o
 .text.bsp_button_event_handler
                0x00019524       0xd0 _build/bsp.o
 .text.leds_timer_handler
                0x000195f4      0x2c4 _build/bsp.o
 .text.button_timer_handler
                0x000198b8       0x48 _build/bsp.o
 .text.bsp_button_is_pressed
                0x00019900       0x2c _build/bsp.o
                0x00019900                bsp_button_is_pressed
 .text.bsp_indication_set
                0x0001992c      0x354 _build/bsp.o
                0x0001992c                bsp_indication_set
 .text.bsp_init
                0x00019c80       0xc0 _build/bsp.o
                0x00019c80                bsp_init
 .text.bsp_event_to_button_action_assign
                0x00019d40       0x58 _build/bsp.o
                0x00019d40                bsp_event_to_button_action_assign
 .text.bsp_wakeup_buttons_set
                0x00019d98       0x8c _build/bsp.o
                0x00019d98                bsp_wakeup_buttons_set
 .text.bsp_btn_ble_sleep_mode_prepare
                0x00019e24       0x18 _build/bsp_btn_ble.o
                0x00019e24                bsp_btn_ble_sleep_mode_prepare
 .text.bsp_btn_ble_on_ble_evt
                0x00019e3c       0xbc _build/bsp_btn_ble.o
                0x00019e3c                bsp_btn_ble_on_ble_evt
 .text.bsp_btn_ble_init
                0x00019ef8       0x9c _build/bsp_btn_ble.o
                0x00019ef8                bsp_btn_ble_init
 .text.sd_ble_gap_disconnect
                0x00019f94        0x4 _build/main.o
 .text.sd_ble_gap_ppcp_set
                0x00019f98        0x4 _build/main.o
 .text.sd_ble_gap_device_name_set
                0x00019f9c        0x4 _build/main.o
 .text.sd_ble_gap_sec_params_reply
                0x00019fa0        0x4 _build/main.o
 .text.sd_ble_gatts_sys_attr_set
                0x00019fa4        0x4 _build/main.o
 .text.sd_ble_enable
                0x00019fa8        0x4 _build/main.o
 .text.sd_power_system_off
                0x00019fac        0x4 _build/main.o
 .text.sd_app_evt_wait
                0x00019fb0        0x4 _build/main.o
 .text.conn_params_error_handler
                0x00019fb4        0xc _build/main.o
 .text.on_conn_params_evt
                0x00019fc0       0x28 _build/main.o
 .text.ble_evt_dispatch
                0x00019fe8       0xb8 _build/main.o
 .text.bsp_event_handler
                0x0001a0a0       0x68 _build/main.o
                0x0001a0a0                bsp_event_handler
 .text.on_adv_evt
                0x0001a108       0x50 _build/main.o
 .text.nus_data_handler
                0x0001a158      0x158 _build/main.o
 .text.assert_nrf_callback
                0x0001a2b0       0x14 _build/main.o
                0x0001a2b0                assert_nrf_callback
 .text.startup.main
                0x0001a2c4      0x200 _build/main.o
                0x0001a2c4                main
 .text.sd_ble_gap_adv_data_set
                0x0001a4c4        0x4 _build/ble_advdata.o
 .text.sd_ble_gap_appearance_get
                0x0001a4c8        0x4 _build/ble_advdata.o
 .text.sd_ble_gap_device_name_get
                0x0001a4cc        0x4 _build/ble_advdata.o
 .text.sd_ble_uuid_encode
                0x0001a4d0        0x4 _build/ble_advdata.o
 .text.uuid_list_sized_encode
                0x0001a4d4       0xdc _build/ble_advdata.o
 .text.ble_advdata_set
                0x0001a5b0      0x77c _build/ble_advdata.o
                0x0001a5b0                ble_advdata_set
 .text.sd_ble_gap_adv_start
                0x0001ad2c        0x4 _build/ble_advertising.o
 .text.sd_ble_gap_adv_stop
                0x0001ad30        0x4 _build/ble_advertising.o
 .text.ble_advertising_init
                0x0001ad34      0x17c _build/ble_advertising.o
                0x0001ad34                ble_advertising_init
 .text.ble_advertising_start
                0x0001aeb0      0x240 _build/ble_advertising.o
                0x0001aeb0                ble_advertising_start
 .text.ble_advertising_on_ble_evt
                0x0001b0f0       0xe4 _build/ble_advertising.o
                0x0001b0f0                ble_advertising_on_ble_evt
 .text.ble_advertising_restart_without_whitelist
                0x0001b1d4      0x280 _build/ble_advertising.o
                0x0001b1d4                ble_advertising_restart_without_whitelist
 .text.sd_ble_gap_conn_param_update
                0x0001b454        0x4 _build/ble_conn_params.o
 .text.sd_ble_gap_disconnect
                0x0001b458        0x4 _build/ble_conn_params.o
 .text.sd_ble_gap_ppcp_set
                0x0001b45c        0x4 _build/ble_conn_params.o
 .text.sd_ble_gap_ppcp_get
                0x0001b460        0x4 _build/ble_conn_params.o
 .text.update_timeout_handler
                0x0001b464       0x78 _build/ble_conn_params.o
 .text.conn_params_negotiation
                0x0001b4dc       0x8c _build/ble_conn_params.o
 .text.ble_conn_params_init
                0x0001b568       0x78 _build/ble_conn_params.o
                0x0001b568                ble_conn_params_init
 .text.ble_conn_params_on_ble_evt
                0x0001b5e0       0xb0 _build/ble_conn_params.o
                0x0001b5e0                ble_conn_params_on_ble_evt
 .text.sd_ble_gatts_service_add
                0x0001b690        0x4 _build/ble_nus.o
 .text.sd_ble_gatts_characteristic_add
                0x0001b694        0x4 _build/ble_nus.o
 .text.sd_ble_gatts_hvx
                0x0001b698        0x4 _build/ble_nus.o
 .text.sd_ble_uuid_vs_add
                0x0001b69c        0x4 _build/ble_nus.o
 .text.ble_nus_on_ble_evt
                0x0001b6a0       0x60 _build/ble_nus.o
                0x0001b6a0                ble_nus_on_ble_evt
 .text.ble_nus_init
                0x0001b700      0x208 _build/ble_nus.o
                0x0001b700                ble_nus_init
 .text.ble_nus_string_send
                0x0001b908       0x5c _build/ble_nus.o
                0x0001b908                ble_nus_string_send
 .text.SystemInit
                0x0001b964       0x9c _build/system_nrf51.o
                0x0001b964                SystemInit
 .text.sd_nvic_EnableIRQ
                0x0001ba00        0x4 _build/softdevice_handler.o
 .text.sd_evt_get
                0x0001ba04        0x4 _build/softdevice_handler.o
 .text.sd_softdevice_enable
                0x0001ba08        0x4 _build/softdevice_handler.o
 .text.sd_ble_evt_get
                0x0001ba0c        0x4 _build/softdevice_handler.o
 .text.softdevice_assertion_handler
                0x0001ba10        0xc _build/softdevice_handler.o
                0x0001ba10                softdevice_assertion_handler
 .text.intern_softdevice_events_execute.part.0
                0x0001ba1c       0xe0 _build/softdevice_handler.o
 .text.softdevice_handler_init
                0x0001bafc       0x4c _build/softdevice_handler.o
                0x0001bafc                softdevice_handler_init
 .text.softdevice_ble_evt_handler_set
                0x0001bb48       0x14 _build/softdevice_handler.o
                0x0001bb48                softdevice_ble_evt_handler_set
 .text.SWI2_IRQHandler
                0x0001bb5c       0x34 _build/softdevice_handler.o
                0x0001bb5c                SWI2_IRQHandler
 .text          0x0001bb90       0x54 _build/gcc_startup_nrf51.o
                0x0001bb90                Reset_Handler
                0x0001bbd8                NMI_Handler
                0x0001bbda                HardFault_Handler
                0x0001bbdc                SVC_Handler
                0x0001bbde                PendSV_Handler
                0x0001bbe0                SysTick_Handler
                0x0001bbe2                TIMER2_IRQHandler
                0x0001bbe2                SPI0_TWI0_IRQHandler
                0x0001bbe2                RTC0_IRQHandler
                0x0001bbe2                POWER_CLOCK_IRQHandler
                0x0001bbe2                RADIO_IRQHandler
                0x0001bbe2                LPCOMP_IRQHandler
                0x0001bbe2                SWI4_IRQHandler
                0x0001bbe2                TEMP_IRQHandler
                0x0001bbe2                QDEC_IRQHandler
                0x0001bbe2                SWI5_IRQHandler
                0x0001bbe2                TIMER0_IRQHandler
                0x0001bbe2                TIMER1_IRQHandler
                0x0001bbe2                ECB_IRQHandler
                0x0001bbe2                Default_Handler
                0x0001bbe2                ADC_IRQHandler
                0x0001bbe2                SWI3_IRQHandler
                0x0001bbe2                CCM_AAR_IRQHandler
                0x0001bbe2                WDT_IRQHandler
                0x0001bbe2                RNG_IRQHandler
                0x0001bbe2                SPI1_TWI1_IRQHandler
                0x0001bbe2                SWI1_IRQHandler
 .text          0x0001bbe4      0x120 /home/nathan/Desktop/Project_HelloWorld/cross-compiler/gcc-arm-none-eabi-4_9-2015q1/bin/../lib/gcc/arm-none-eabi/4.9.3/armv6-m/libgcc.a(_udivsi3.o)
                0x0001bbe4                __udivsi3
                0x0001bbe4                __aeabi_uidiv
                0x0001bcf0                __aeabi_uidivmod
 .text          0x0001bd04        0x4 /home/nathan/Desktop/Project_HelloWorld/cross-compiler/gcc-arm-none-eabi-4_9-2015q1/bin/../lib/gcc/arm-none-eabi/4.9.3/armv6-m/libgcc.a(_dvmd_tls.o)
                0x0001bd04                __aeabi_ldiv0
                0x0001bd04                __aeabi_idiv0
 .text.memcpy   0x0001bd08       0x12 /home/nathan/Desktop/Project_HelloWorld/cross-compiler/gcc-arm-none-eabi-4_9-2015q1/bin/../lib/gcc/arm-none-eabi/4.9.3/../../../../arm-none-eabi/lib/armv6-m/libc_nano.a(lib_a-memcpy.o)
                0x0001bd08                memcpy
 .text.strlen   0x0001bd1a        0xe /home/nathan/Desktop/Project_HelloWorld/cross-compiler/gcc-arm-none-eabi-4_9-2015q1/bin/../lib/gcc/arm-none-eabi/4.9.3/../../../../arm-none-eabi/lib/armv6-m/libc_nano.a(lib_a-strlen.o)
                0x0001bd1a                strlen
 *(.init)
 .init          0x0001bd28        0x4 /home/nathan/Desktop/Project_HelloWorld/cross-compiler/gcc-arm-none-eabi-4_9-2015q1/bin/../lib/gcc/arm-none-eabi/4.9.3/armv6-m/crti.o
                0x0001bd28                _init
 .init          0x0001bd2c        0x8 /home/nathan/Desktop/Project_HelloWorld/cross-compiler/gcc-arm-none-eabi-4_9-2015q1/bin/../lib/gcc/arm-none-eabi/4.9.3/armv6-m/crtn.o
 *(.fini)
 .fini          0x0001bd34        0x4 /home/nathan/Desktop/Project_HelloWorld/cross-compiler/gcc-arm-none-eabi-4_9-2015q1/bin/../lib/gcc/arm-none-eabi/4.9.3/armv6-m/crti.o
                0x0001bd34                _fini
 .fini          0x0001bd38        0x8 /home/nathan/Desktop/Project_HelloWorld/cross-compiler/gcc-arm-none-eabi-4_9-2015q1/bin/../lib/gcc/arm-none-eabi/4.9.3/armv6-m/crtn.o
 *crtbegin.o(.ctors)
 *crtbegin?.o(.ctors)
 *(EXCLUDE_FILE(*crtend.o *crtend?.o) .ctors)
 *(SORT(.ctors.*))
 *(.ctors)
 *crtbegin.o(.dtors)
 *crtbegin?.o(.dtors)
 *(EXCLUDE_FILE(*crtend.o *crtend?.o) .dtors)
 *(SORT(.dtors.*))
 *(.dtors)
 *(.rodata*)
 .rodata.str1.1
                0x0001bd40        0x2 /home/nathan/Desktop/Project_HelloWorld/cross-compiler/gcc-arm-none-eabi-4_9-2015q1/bin/../lib/gcc/arm-none-eabi/4.9.3/../../../../arm-none-eabi/lib/armv6-m/libc_nano.a(lib_a-impure.o)
 *fill*         0x0001bd42        0x2 
 .rodata._global_impure_ptr
                0x0001bd44        0x4 /home/nathan/Desktop/Project_HelloWorld/cross-compiler/gcc-arm-none-eabi-4_9-2015q1/bin/../lib/gcc/arm-none-eabi/4.9.3/../../../../arm-none-eabi/lib/armv6-m/libc_nano.a(lib_a-impure.o)
                0x0001bd44                _global_impure_ptr
 .rodata.leds_timer_handler
                0x0001bd48       0x64 _build/bsp.o
 .rodata.bsp_indication_set
                0x0001bdac       0x64 _build/bsp.o
 .rodata.m_buttons_list
                0x0001be10       0x10 _build/bsp.o
 .rodata.app_buttons
                0x0001be20       0x20 _build/bsp.o
 .rodata.str1.4
                0x0001be40        0xc _build/main.o
 .rodata        0x0001be4c       0x10 _build/ble_nus.o
 *(.eh_frame*)
                0x0001be5c                . = ALIGN (0x4)

.glue_7         0x0001be5c        0x0
 .glue_7        0x00000000        0x0 linker stubs

.glue_7t        0x0001be5c        0x0
 .glue_7t       0x00000000        0x0 linker stubs

.vfp11_veneer   0x0001be5c        0x0
 .vfp11_veneer  0x00000000        0x0 linker stubs

.v4_bx          0x0001be5c        0x0
 .v4_bx         0x00000000        0x0 linker stubs

.iplt           0x0001be5c        0x0
 .iplt          0x00000000        0x0 /home/nathan/Desktop/Project_HelloWorld/cross-compiler/gcc-arm-none-eabi-4_9-2015q1/bin/../lib/gcc/arm-none-eabi/4.9.3/armv6-m/crtbegin.o

.ARM.extab      0x0001be5c        0x0
 *(.ARM.extab* .gnu.linkonce.armextab.*)
                0x0001be5c                . = ALIGN (0x4)
                0x0001be5c                __exidx_start = .

.ARM.exidx      0x0001be5c        0x8
 *(.ARM.exidx* .gnu.linkonce.armexidx.*)
 .ARM.exidx     0x0001be5c        0x8 /home/nathan/Desktop/Project_HelloWorld/cross-compiler/gcc-arm-none-eabi-4_9-2015q1/bin/../lib/gcc/arm-none-eabi/4.9.3/../../../../arm-none-eabi/lib/armv6-m/crt0.o
 .ARM.exidx     0x0001be64        0x0 _build/gcc_startup_nrf51.o
                                  0x8 (size before relaxing)
                0x0001be64                . = ALIGN (0x4)
                0x0001be64                __exidx_end = .
                0x0001be64                __etext = .

.rel.dyn        0x0001be64        0x0
 .rel.iplt      0x00000000        0x0 /home/nathan/Desktop/Project_HelloWorld/cross-compiler/gcc-arm-none-eabi-4_9-2015q1/bin/../lib/gcc/arm-none-eabi/4.9.3/armv6-m/crtbegin.o

.data           0x20002000       0x68 load address 0x0001be64
                0x20002000                __data_start__ = .
 *(vtable)
 *(.data*)
 .data.impure_data
                0x20002000       0x60 /home/nathan/Desktop/Project_HelloWorld/cross-compiler/gcc-arm-none-eabi-4_9-2015q1/bin/../lib/gcc/arm-none-eabi/4.9.3/../../../../arm-none-eabi/lib/armv6-m/libc_nano.a(lib_a-impure.o)
 .data.m_adv_uuids
                0x20002060        0x4 _build/main.o
 .data.m_conn_handle
                0x20002064        0x2 _build/main.o
 .data.current_slave_link_conn_handle.7162
                0x20002066        0x2 _build/ble_advertising.o
                0x20002068                . = ALIGN (0x4)
                0x20002068                PROVIDE (__preinit_array_start, .)
 *(.preinit_array)
                0x20002068                PROVIDE (__preinit_array_end, .)
                0x20002068                . = ALIGN (0x4)
                0x20002068                PROVIDE (__init_array_start, .)
 *(SORT(.init_array.*))
 *(.init_array)
                0x20002068                PROVIDE (__init_array_end, .)
                0x20002068                . = ALIGN (0x4)
                0x20002068                PROVIDE (__fini_array_start, .)
 *(SORT(.fini_array.*))
 *(.fini_array)
                0x20002068                PROVIDE (__fini_array_end, .)
 *(.jcr)
                0x20002068                . = ALIGN (0x4)
                0x20002068                __data_end__ = .

.igot.plt       0x20002068        0x0 load address 0x0001becc
 .igot.plt      0x00000000        0x0 /home/nathan/Desktop/Project_HelloWorld/cross-compiler/gcc-arm-none-eabi-4_9-2015q1/bin/../lib/gcc/arm-none-eabi/4.9.3/armv6-m/crtbegin.o

.bss            0x20002068      0x638 load address 0x0001becc
                0x20002068                . = ALIGN (0x4)
                0x20002068                __bss_start__ = .
 *(.bss*)
 .bss.m_detection_delay
                0x20002068        0x4 _build/app_button.o
 .bss.mp_buttons
                0x2000206c        0x4 _build/app_button.o
 .bss.m_button_count
                0x20002070        0x1 _build/app_button.o
 *fill*         0x20002071        0x3 
 .bss.m_pin_state
                0x20002074        0x4 _build/app_button.o
 .bss.m_detection_delay_timer_id
                0x20002078        0x4 _build/app_button.o
 .bss.m_pin_transition
                0x2000207c        0x4 _build/app_button.o
 .bss.m_ticks_latest
                0x20002080        0x4 _build/app_timer.o
 .bss.m_evt_schedule_func
                0x20002084        0x4 _build/app_timer.o
 .bss.mp_nodes  0x20002088        0x4 _build/app_timer.o
 .bss.m_user_array_size
                0x2000208c        0x1 _build/app_timer.o
 *fill*         0x2000208d        0x3 
 .bss.mp_users  0x20002090        0x4 _build/app_timer.o
 .bss.m_ticks_elapsed_q_read_ind
                0x20002094        0x1 _build/app_timer.o
 .bss.m_ticks_elapsed_q_write_ind
                0x20002095        0x1 _build/app_timer.o
 .bss.m_node_array_size
                0x20002096        0x1 _build/app_timer.o
 *fill*         0x20002097        0x1 
 .bss.m_timer_id_head
                0x20002098        0x4 _build/app_timer.o
 .bss.m_rtc1_reset
                0x2000209c        0x1 _build/app_timer.o
 *fill*         0x2000209d        0x3 
 .bss.m_ticks_elapsed
                0x200020a0        0x8 _build/app_timer.o
 .bss.m_rtc1_running
                0x200020a8        0x1 _build/app_timer.o
 *fill*         0x200020a9        0x3 
 .bss.m_event_handler
                0x200020ac        0x4 _build/app_uart_fifo.o
 .bss.m_tx_fifo
                0x200020b0       0x10 _build/app_uart_fifo.o
 .bss.m_current_state
                0x200020c0        0x1 _build/app_uart_fifo.o
 *fill*         0x200020c1        0x3 
 .bss.m_rx_fifo
                0x200020c4       0x10 _build/app_uart_fifo.o
 .bss.m_cb      0x200020d4       0x54 _build/nrf_drv_gpiote.o
 .bss.m_cmd_queue
                0x20002128       0xcc _build/pstorage.o
 .bss.m_module_initialized
                0x200021f4        0x1 _build/pstorage.o
 .bss.current_long_push_pin_no.5929
                0x200021f5        0x1 _build/bsp.o
 *fill*         0x200021f6        0x2 
 .bss.m_indication_type
                0x200021f8        0x4 _build/bsp.o
 .bss.release_event_at_push.5930
                0x200021fc        0x4 _build/bsp.o
 .bss.m_button_timer_id
                0x20002200        0x4 _build/bsp.o
 .bss.m_app_ticks_per_100ms
                0x20002204        0x4 _build/bsp.o
 .bss.m_alert_timer_id
                0x20002208        0x4 _build/bsp.o
 .bss.m_registered_callback
                0x2000220c        0x4 _build/bsp.o
 .bss.m_stable_state
                0x20002210        0x1 _build/bsp.o
 *fill*         0x20002211        0x3 
 .bss.m_leds_timer_id
                0x20002214        0x4 _build/bsp.o
 .bss.m_events_list
                0x20002218        0xc _build/bsp.o
 .bss.m_error_handler
                0x20002224        0x4 _build/bsp_btn_ble.o
 .bss.m_num_connections
                0x20002228        0x4 _build/bsp_btn_ble.o
 .bss.data_array.8008
                0x2000222c       0x14 _build/main.o
 .bss.BLE_EVT_BUFFER.8071
                0x20002240       0x48 _build/main.o
 .bss.m_nus     0x20002288       0x1c _build/main.o
 .bss.APP_TIMER_BUF.8113
                0x200022a4      0x290 _build/main.o
 .bss.m_advdata
                0x20002534       0x30 _build/ble_advertising.o
 .bss.m_manuf_specific_data
                0x20002564        0xc _build/ble_advertising.o
 .bss.m_evt_handler
                0x20002570        0x4 _build/ble_advertising.o
 .bss.m_manuf_data_array
                0x20002574       0x20 _build/ble_advertising.o
 .bss.m_whitelist_temporarily_disabled
                0x20002594        0x1 _build/ble_advertising.o
 *fill*         0x20002595        0x3 
 .bss.m_error_handler
                0x20002598        0x4 _build/ble_advertising.o
 .bss.m_peer_address
                0x2000259c        0x8 _build/ble_advertising.o
 .bss.m_adv_modes_config
                0x200025a4       0x20 _build/ble_advertising.o
 .bss.mp_whitelist_addr
                0x200025c4       0x20 _build/ble_advertising.o
 .bss.m_tx_power_level
                0x200025e4        0x1 _build/ble_advertising.o
 *fill*         0x200025e5        0x3 
 .bss.m_whitelist
                0x200025e8       0x10 _build/ble_advertising.o
 .bss.m_service_data_array
                0x200025f8       0x20 _build/ble_advertising.o
 .bss.m_peer_addr_reply_expected
                0x20002618        0x1 _build/ble_advertising.o
 .bss.m_whitelist_reply_expected
                0x20002619        0x1 _build/ble_advertising.o
 .bss.m_direct_adv_cnt
                0x2000261a        0x1 _build/ble_advertising.o
 *fill*         0x2000261b        0x1 
 .bss.mp_whitelist_irk
                0x2000261c       0x20 _build/ble_advertising.o
 .bss.m_adv_mode_current
                0x2000263c        0x1 _build/ble_advertising.o
 .bss.m_advertising_start_pending
                0x2000263d        0x1 _build/ble_advertising.o
 *fill*         0x2000263e        0x2 
 .bss.m_slave_conn_int
                0x20002640        0x4 _build/ble_advertising.o
 .bss.m_service_data
                0x20002644        0xc _build/ble_advertising.o
 .bss.m_adv_evt
                0x20002650        0x1 _build/ble_advertising.o
 .bss.m_change_param
                0x20002651        0x1 _build/ble_conn_params.o
 *fill*         0x20002652        0x2 
 .bss.m_current_conn_params
                0x20002654        0x8 _build/ble_conn_params.o
 .bss.m_update_count
                0x2000265c        0x1 _build/ble_conn_params.o
 *fill*         0x2000265d        0x3 
 .bss.m_conn_params_config
                0x20002660       0x1c _build/ble_conn_params.o
 .bss.m_conn_params_timer_id
                0x2000267c        0x4 _build/ble_conn_params.o
 .bss.m_conn_handle
                0x20002680        0x2 _build/ble_conn_params.o
 *fill*         0x20002682        0x2 
 .bss.m_preferred_conn_params
                0x20002684        0x8 _build/ble_conn_params.o
 .bss.m_softdevice_enabled
                0x2000268c        0x1 _build/softdevice_handler.o
 *fill*         0x2000268d        0x1 
 .bss.m_ble_evt_buffer_size
                0x2000268e        0x2 _build/softdevice_handler.o
 .bss.mp_ble_evt_buffer
                0x20002690        0x4 _build/softdevice_handler.o
 .bss.m_sys_evt_handler
                0x20002694        0x4 _build/softdevice_handler.o
 .bss.m_ble_evt_handler
                0x20002698        0x4 _build/softdevice_handler.o
 .bss.m_evt_schedule_func
                0x2000269c        0x4 _build/softdevice_handler.o
 *(COMMON)
                0x200026a0                . = ALIGN (0x4)
                0x200026a0                __bss_end__ = .

.heap           0x200026a0      0x800
                0x200026a0                __end__ = .
                0x200026a0                end = __end__
 *(.heap*)
 .heap          0x200026a0      0x800 _build/gcc_startup_nrf51.o
                0x200026a0                __HeapBase
                0x20002ea0                __HeapLimit = .

.stack_dummy    0x200026a0      0x800
 *(.stack*)
 .stack         0x200026a0      0x800 _build/gcc_startup_nrf51.o
                0x20008000                __StackTop = (ORIGIN (RAM) + 0x6000)
                0x20007800                __StackLimit = (__StackTop - SIZEOF (.stack_dummy))
                0x20008000                PROVIDE (__stack, __StackTop)
                0x00000001                ASSERT ((__StackLimit >= __HeapLimit), region RAM overflowed with stack)
OUTPUT(_build/nrf51422_xxac_s110.out elf32-littlearm)

.ARM.attributes
                0x00000000       0x28
 .ARM.attributes
                0x00000000       0x1e /home/nathan/Desktop/Project_HelloWorld/cross-compiler/gcc-arm-none-eabi-4_9-2015q1/bin/../lib/gcc/arm-none-eabi/4.9.3/armv6-m/crti.o
 .ARM.attributes
                0x0000001e       0x1b /home/nathan/Desktop/Project_HelloWorld/cross-compiler/gcc-arm-none-eabi-4_9-2015q1/bin/../lib/gcc/arm-none-eabi/4.9.3/../../../../arm-none-eabi/lib/armv6-m/crt0.o
 .ARM.attributes
                0x00000039       0x2c /home/nathan/Desktop/Project_HelloWorld/cross-compiler/gcc-arm-none-eabi-4_9-2015q1/bin/../lib/gcc/arm-none-eabi/4.9.3/../../../../arm-none-eabi/lib/armv6-m/libc_nano.a(lib_a-exit.o)
 .ARM.attributes
                0x00000065       0x2c /home/nathan/Desktop/Project_HelloWorld/cross-compiler/gcc-arm-none-eabi-4_9-2015q1/bin/../lib/gcc/arm-none-eabi/4.9.3/../../../../arm-none-eabi/lib/armv6-m/libc_nano.a(lib_a-impure.o)
 .ARM.attributes
                0x00000091       0x2c /home/nathan/Desktop/Project_HelloWorld/cross-compiler/gcc-arm-none-eabi-4_9-2015q1/bin/../lib/gcc/arm-none-eabi/4.9.3/../../../../arm-none-eabi/lib/armv6-m/libc_nano.a(lib_a-init.o)
 .ARM.attributes
                0x000000bd       0x2c /home/nathan/Desktop/Project_HelloWorld/cross-compiler/gcc-arm-none-eabi-4_9-2015q1/bin/../lib/gcc/arm-none-eabi/4.9.3/../../../../arm-none-eabi/lib/armv6-m/libc_nano.a(lib_a-memset.o)
 .ARM.attributes
                0x000000e9       0x2c /home/nathan/Desktop/Project_HelloWorld/cross-compiler/gcc-arm-none-eabi-4_9-2015q1/bin/../lib/gcc/arm-none-eabi/4.9.3/../../../../arm-none-eabi/lib/armv6-m/libnosys.a(_exit.o)
 .ARM.attributes
                0x00000115       0x31 _build/app_button.o
 .ARM.attributes
                0x00000146       0x31 _build/app_error.o
 .ARM.attributes
                0x00000177       0x31 _build/app_fifo.o
 .ARM.attributes
                0x000001a8       0x31 _build/app_timer.o
 .ARM.attributes
                0x000001d9       0x31 _build/app_uart_fifo.o
 .ARM.attributes
                0x0000020a       0x31 _build/nrf_delay.o
 .ARM.attributes
                0x0000023b       0x31 _build/nrf_drv_common.o
 .ARM.attributes
                0x0000026c       0x31 _build/nrf_drv_gpiote.o
 .ARM.attributes
                0x0000029d       0x31 _build/pstorage.o
 .ARM.attributes
                0x000002ce       0x31 _build/bsp.o
 .ARM.attributes
                0x000002ff       0x31 _build/bsp_btn_ble.o
 .ARM.attributes
                0x00000330       0x31 _build/main.o
 .ARM.attributes
                0x00000361       0x31 _build/ble_advdata.o
 .ARM.attributes
                0x00000392       0x31 _build/ble_advertising.o
 .ARM.attributes
                0x000003c3       0x31 _build/ble_conn_params.o
 .ARM.attributes
                0x000003f4       0x31 _build/ble_nus.o
 .ARM.attributes
                0x00000425       0x31 _build/system_nrf51.o
 .ARM.attributes
                0x00000456       0x31 _build/softdevice_handler.o
 .ARM.attributes
                0x00000487       0x1b _build/gcc_startup_nrf51.o
 .ARM.attributes
                0x000004a2       0x1e /home/nathan/Desktop/Project_HelloWorld/cross-compiler/gcc-arm-none-eabi-4_9-2015q1/bin/../lib/gcc/arm-none-eabi/4.9.3/armv6-m/libgcc.a(_udivsi3.o)
 .ARM.attributes
                0x000004c0       0x1e /home/nathan/Desktop/Project_HelloWorld/cross-compiler/gcc-arm-none-eabi-4_9-2015q1/bin/../lib/gcc/arm-none-eabi/4.9.3/armv6-m/libgcc.a(_dvmd_tls.o)
 .ARM.attributes
                0x000004de       0x2c /home/nathan/Desktop/Project_HelloWorld/cross-compiler/gcc-arm-none-eabi-4_9-2015q1/bin/../lib/gcc/arm-none-eabi/4.9.3/../../../../arm-none-eabi/lib/armv6-m/libc_nano.a(lib_a-memcpy.o)
 .ARM.attributes
                0x0000050a       0x2c /home/nathan/Desktop/Project_HelloWorld/cross-compiler/gcc-arm-none-eabi-4_9-2015q1/bin/../lib/gcc/arm-none-eabi/4.9.3/../../../../arm-none-eabi/lib/armv6-m/libc_nano.a(lib_a-strlen.o)
 .ARM.attributes
                0x00000536       0x1e /home/nathan/Desktop/Project_HelloWorld/cross-compiler/gcc-arm-none-eabi-4_9-2015q1/bin/../lib/gcc/arm-none-eabi/4.9.3/armv6-m/crtn.o

.comment        0x00000000       0x70
 .comment       0x00000000       0x70 _build/app_button.o
                                 0x71 (size before relaxing)
 .comment       0x00000000       0x71 _build/app_error.o
 .comment       0x00000000       0x71 _build/app_fifo.o
 .comment       0x00000000       0x71 _build/app_timer.o
 .comment       0x00000000       0x71 _build/app_uart_fifo.o
 .comment       0x00000000       0x71 _build/nrf_delay.o
 .comment       0x00000000       0x71 _build/nrf_drv_common.o
 .comment       0x00000000       0x71 _build/nrf_drv_gpiote.o
 .comment       0x00000000       0x71 _build/pstorage.o
 .comment       0x00000000       0x71 _build/bsp.o
 .comment       0x00000000       0x71 _build/bsp_btn_ble.o
 .comment       0x00000000       0x71 _build/main.o
 .comment       0x00000000       0x71 _build/ble_advdata.o
 .comment       0x00000000       0x71 _build/ble_advertising.o
 .comment       0x00000000       0x71 _build/ble_conn_params.o
 .comment       0x00000000       0x71 _build/ble_nus.o
 .comment       0x00000000       0x71 _build/system_nrf51.o
 .comment       0x00000000       0x71 _build/softdevice_handler.o

.debug_frame    0x00000000       0xfc
 .debug_frame   0x00000000       0x28 /home/nathan/Desktop/Project_HelloWorld/cross-compiler/gcc-arm-none-eabi-4_9-2015q1/bin/../lib/gcc/arm-none-eabi/4.9.3/../../../../arm-none-eabi/lib/armv6-m/libc_nano.a(lib_a-exit.o)
 .debug_frame   0x00000028       0x2c /home/nathan/Desktop/Project_HelloWorld/cross-compiler/gcc-arm-none-eabi-4_9-2015q1/bin/../lib/gcc/arm-none-eabi/4.9.3/../../../../arm-none-eabi/lib/armv6-m/libc_nano.a(lib_a-init.o)
 .debug_frame   0x00000054       0x20 /home/nathan/Desktop/Project_HelloWorld/cross-compiler/gcc-arm-none-eabi-4_9-2015q1/bin/../lib/gcc/arm-none-eabi/4.9.3/../../../../arm-none-eabi/lib/armv6-m/libc_nano.a(lib_a-memset.o)
 .debug_frame   0x00000074       0x20 /home/nathan/Desktop/Project_HelloWorld/cross-compiler/gcc-arm-none-eabi-4_9-2015q1/bin/../lib/gcc/arm-none-eabi/4.9.3/../../../../arm-none-eabi/lib/armv6-m/libnosys.a(_exit.o)
 .debug_frame   0x00000094       0x20 /home/nathan/Desktop/Project_HelloWorld/cross-compiler/gcc-arm-none-eabi-4_9-2015q1/bin/../lib/gcc/arm-none-eabi/4.9.3/armv6-m/libgcc.a(_udivsi3.o)
 .debug_frame   0x000000b4       0x28 /home/nathan/Desktop/Project_HelloWorld/cross-compiler/gcc-arm-none-eabi-4_9-2015q1/bin/../lib/gcc/arm-none-eabi/4.9.3/../../../../arm-none-eabi/lib/armv6-m/libc_nano.a(lib_a-memcpy.o)
 .debug_frame   0x000000dc       0x20 /home/nathan/Desktop/Project_HelloWorld/cross-compiler/gcc-arm-none-eabi-4_9-2015q1/bin/../lib/gcc/arm-none-eabi/4.9.3/../../../../arm-none-eabi/lib/armv6-m/libc_nano.a(lib_a-strlen.o)
